2026-06-06 15:07:17 | INFO     | __main__:main - XRefactor - Explainable AI-driven Cross-file Code Refactoring Framework
2026-06-06 15:07:17 | INFO     | __main__:main - Data directory: ..\Data\1273091433\jeesite
2026-06-06 15:07:17 | INFO     | __main__:main - Configuration: .\configs\config.yaml
2026-06-06 15:07:17 | INFO     | __main__:main - Output directory: .\outputs\jeesite_run
2026-06-06 15:07:17 | INFO     | __main__:main - Device: cpu
2026-06-06 15:07:17 | INFO     | src.utils.helpers:__init__ - Configuration loaded from .\configs\config.yaml
2026-06-06 15:07:17 | INFO     | src.core.pipeline:__init__ - Initializing XRefactor Pipeline on cpu
2026-06-06 15:07:17 | INFO     | src.core.pipeline:run_pipeline - 
================================================================================
2026-06-06 15:07:17 | INFO     | src.core.pipeline:run_pipeline - STARTING XREFACTOR PIPELINE
2026-06-06 15:07:17 | INFO     | src.core.pipeline:run_pipeline - ================================================================================

2026-06-06 15:07:17 | INFO     | src.core.pipeline:stage_1_cpg_construction - ================================================================================
2026-06-06 15:07:17 | INFO     | src.core.pipeline:stage_1_cpg_construction - STAGE 1: CODE PROPERTY GRAPH CONSTRUCTION
2026-06-06 15:07:17 | INFO     | src.core.pipeline:stage_1_cpg_construction - ================================================================================
2026-06-06 15:07:17 | INFO     | src.cpg.cpg_builder:__init__ - Initialized CPG for language: java
2026-06-06 15:07:17 | INFO     | src.cpg.cpg_builder:build_from_directory - Building CPG from directory: ..\Data\1273091433\jeesite
2026-06-06 15:07:20 | INFO     | src.cpg.cpg_builder:_build_cross_file_dependencies - Building cross-file dependencies...
2026-06-06 15:07:20 | INFO     | src.cpg.cpg_builder:build_from_directory - CPG construction complete. Nodes: 3933, Edges: 9756
2026-06-06 15:07:20 | INFO     | src.core.pipeline:stage_1_cpg_construction - CPG Construction Complete:
2026-06-06 15:07:20 | INFO     | src.core.pipeline:stage_1_cpg_construction -   - Nodes: 3933
2026-06-06 15:07:20 | INFO     | src.core.pipeline:stage_1_cpg_construction -   - Edges: 9756
2026-06-06 15:07:20 | INFO     | src.core.pipeline:stage_1_cpg_construction -   - Files: 299
2026-06-06 15:07:20 | INFO     | src.core.pipeline:stage_1_cpg_construction -   - Node types: {'class': 292, 'method': 2597, 'field': 1044}
2026-06-06 15:07:20 | INFO     | src.core.pipeline:stage_2_gnn_reasoning - ================================================================================
2026-06-06 15:07:20 | INFO     | src.core.pipeline:stage_2_gnn_reasoning - STAGE 2: GRAPH NEURAL NETWORK REASONING
2026-06-06 15:07:20 | INFO     | src.core.pipeline:stage_2_gnn_reasoning - ================================================================================
2026-06-06 15:07:20 | INFO     | src.gnn.gnn_model:__init__ - Initializing GAT with dims: 1 -> [256, 256] -> 128
2026-06-06 15:07:20 | INFO     | src.core.pipeline:stage_2_gnn_reasoning - GNN Model created: GAT
2026-06-06 15:07:20 | INFO     | src.core.pipeline:stage_2_gnn_reasoning -   - Input dim: 1
2026-06-06 15:07:20 | INFO     | src.core.pipeline:stage_2_gnn_reasoning -   - Hidden dims: [256, 256]
2026-06-06 15:07:20 | INFO     | src.core.pipeline:stage_2_gnn_reasoning -   - Output dim: 128
2026-06-06 15:07:20 | ERROR    | src.core.pipeline:run_pipeline - Pipeline execution failed: running_mean should contain 2048 elements not 256
2026-06-06 15:07:20 | INFO     | __main__:main - 
================================================================================
2026-06-06 15:07:20 | INFO     | __main__:main - PIPELINE SUMMARY
2026-06-06 15:07:20 | INFO     | __main__:main - ================================================================================
2026-06-06 15:07:20 | INFO     | __main__:main - Status: failed
2026-06-06 15:07:20 | INFO     | __main__:main - Timestamp: 20260606_150717
2026-06-06 15:07:20 | ERROR    | __main__:main - Error: running_mean should contain 2048 elements not 256
2026-06-06 15:20:38 | INFO     | __main__:main - XRefactor - Explainable AI-driven Cross-file Code Refactoring Framework
2026-06-06 15:20:38 | INFO     | __main__:main - Data directory: ..\Data\1273091433\jeesite
2026-06-06 15:20:38 | INFO     | __main__:main - Configuration: .\configs\config.yaml
2026-06-06 15:20:38 | INFO     | __main__:main - Output directory: .\outputs\jeesite_run
2026-06-06 15:20:38 | INFO     | __main__:main - Device: cpu
2026-06-06 15:20:38 | INFO     | src.utils.helpers:__init__ - Configuration loaded from .\configs\config.yaml
2026-06-06 15:20:38 | INFO     | src.core.pipeline:__init__ - Initializing XRefactor Pipeline on cpu
2026-06-06 15:20:38 | INFO     | src.core.pipeline:run_pipeline - 
================================================================================
2026-06-06 15:20:38 | INFO     | src.core.pipeline:run_pipeline - STARTING XREFACTOR PIPELINE
2026-06-06 15:20:38 | INFO     | src.core.pipeline:run_pipeline - ================================================================================

2026-06-06 15:20:38 | INFO     | src.core.pipeline:stage_1_cpg_construction - ================================================================================
2026-06-06 15:20:38 | INFO     | src.core.pipeline:stage_1_cpg_construction - STAGE 1: CODE PROPERTY GRAPH CONSTRUCTION
2026-06-06 15:20:38 | INFO     | src.core.pipeline:stage_1_cpg_construction - ================================================================================
2026-06-06 15:20:38 | INFO     | src.cpg.cpg_builder:__init__ - Initialized CPG for language: java
2026-06-06 15:20:38 | INFO     | src.cpg.cpg_builder:build_from_directory - Building CPG from directory: ..\Data\1273091433\jeesite
2026-06-06 15:20:41 | INFO     | src.cpg.cpg_builder:_build_cross_file_dependencies - Building cross-file dependencies...
2026-06-06 15:20:41 | INFO     | src.cpg.cpg_builder:build_from_directory - CPG construction complete. Nodes: 3933, Edges: 9756
2026-06-06 15:20:41 | INFO     | src.core.pipeline:stage_1_cpg_construction - CPG Construction Complete:
2026-06-06 15:20:41 | INFO     | src.core.pipeline:stage_1_cpg_construction -   - Nodes: 3933
2026-06-06 15:20:41 | INFO     | src.core.pipeline:stage_1_cpg_construction -   - Edges: 9756
2026-06-06 15:20:41 | INFO     | src.core.pipeline:stage_1_cpg_construction -   - Files: 299
2026-06-06 15:20:41 | INFO     | src.core.pipeline:stage_1_cpg_construction -   - Node types: {'class': 292, 'method': 2597, 'field': 1044}
2026-06-06 15:20:41 | INFO     | src.core.pipeline:stage_2_gnn_reasoning - ================================================================================
2026-06-06 15:20:41 | INFO     | src.core.pipeline:stage_2_gnn_reasoning - STAGE 2: GRAPH NEURAL NETWORK REASONING
2026-06-06 15:20:41 | INFO     | src.core.pipeline:stage_2_gnn_reasoning - ================================================================================
2026-06-06 15:20:41 | INFO     | src.gnn.gnn_model:__init__ - Initializing GAT with dims: 1 -> [2048, 2048] -> 128
2026-06-06 15:20:41 | INFO     | src.core.pipeline:stage_2_gnn_reasoning - GNN Model created: GAT
2026-06-06 15:20:41 | INFO     | src.core.pipeline:stage_2_gnn_reasoning -   - Input dim: 1
2026-06-06 15:20:41 | INFO     | src.core.pipeline:stage_2_gnn_reasoning -   - Hidden dims: [2048, 2048]
2026-06-06 15:20:41 | INFO     | src.core.pipeline:stage_2_gnn_reasoning -   - Output dim: 128
2026-06-06 15:20:42 | ERROR    | src.core.pipeline:run_pipeline - Pipeline execution failed: running_mean should contain 16384 elements not 2048
2026-06-06 15:20:42 | INFO     | __main__:main - 
================================================================================
2026-06-06 15:20:42 | INFO     | __main__:main - PIPELINE SUMMARY
2026-06-06 15:20:42 | INFO     | __main__:main - ================================================================================
2026-06-06 15:20:42 | INFO     | __main__:main - Status: failed
2026-06-06 15:20:42 | INFO     | __main__:main - Timestamp: 20260606_152038
2026-06-06 15:20:42 | ERROR    | __main__:main - Error: running_mean should contain 16384 elements not 2048
2026-06-06 15:23:24 | INFO     | __main__:main - XRefactor - Explainable AI-driven Cross-file Code Refactoring Framework
2026-06-06 15:23:24 | INFO     | __main__:main - Data directory: ..\Data\1273091433\jeesite
2026-06-06 15:23:24 | INFO     | __main__:main - Configuration: .\configs\config.yaml
2026-06-06 15:23:24 | INFO     | __main__:main - Output directory: .\outputs\jeesite_run
2026-06-06 15:23:24 | INFO     | __main__:main - Device: cpu
2026-06-06 15:23:24 | INFO     | src.utils.helpers:__init__ - Configuration loaded from .\configs\config.yaml
2026-06-06 15:23:24 | INFO     | src.core.pipeline:__init__ - Initializing XRefactor Pipeline on cpu
2026-06-06 15:23:24 | INFO     | src.core.pipeline:run_pipeline - 
================================================================================
2026-06-06 15:23:24 | INFO     | src.core.pipeline:run_pipeline - STARTING XREFACTOR PIPELINE
2026-06-06 15:23:24 | INFO     | src.core.pipeline:run_pipeline - ================================================================================

2026-06-06 15:23:24 | INFO     | src.core.pipeline:stage_1_cpg_construction - ================================================================================
2026-06-06 15:23:24 | INFO     | src.core.pipeline:stage_1_cpg_construction - STAGE 1: CODE PROPERTY GRAPH CONSTRUCTION
2026-06-06 15:23:24 | INFO     | src.core.pipeline:stage_1_cpg_construction - ================================================================================
2026-06-06 15:23:24 | INFO     | src.cpg.cpg_builder:__init__ - Initialized CPG for language: java
2026-06-06 15:23:24 | INFO     | src.cpg.cpg_builder:build_from_directory - Building CPG from directory: ..\Data\1273091433\jeesite
2026-06-06 15:23:27 | INFO     | src.cpg.cpg_builder:_build_cross_file_dependencies - Building cross-file dependencies...
2026-06-06 15:23:27 | INFO     | src.cpg.cpg_builder:build_from_directory - CPG construction complete. Nodes: 3933, Edges: 9756
2026-06-06 15:23:27 | INFO     | src.core.pipeline:stage_1_cpg_construction - CPG Construction Complete:
2026-06-06 15:23:27 | INFO     | src.core.pipeline:stage_1_cpg_construction -   - Nodes: 3933
2026-06-06 15:23:27 | INFO     | src.core.pipeline:stage_1_cpg_construction -   - Edges: 9756
2026-06-06 15:23:27 | INFO     | src.core.pipeline:stage_1_cpg_construction -   - Files: 299
2026-06-06 15:23:27 | INFO     | src.core.pipeline:stage_1_cpg_construction -   - Node types: {'class': 292, 'method': 2597, 'field': 1044}
2026-06-06 15:23:27 | INFO     | src.core.pipeline:stage_2_gnn_reasoning - ================================================================================
2026-06-06 15:23:27 | INFO     | src.core.pipeline:stage_2_gnn_reasoning - STAGE 2: GRAPH NEURAL NETWORK REASONING
2026-06-06 15:23:27 | INFO     | src.core.pipeline:stage_2_gnn_reasoning - ================================================================================
2026-06-06 15:23:28 | INFO     | src.gnn.gnn_model:__init__ - Initializing GAT with dims: 1 -> [256, 256] -> 128
2026-06-06 15:23:28 | INFO     | src.core.pipeline:stage_2_gnn_reasoning - GNN Model created: GAT
2026-06-06 15:23:28 | INFO     | src.core.pipeline:stage_2_gnn_reasoning -   - Input dim: 1
2026-06-06 15:23:28 | INFO     | src.core.pipeline:stage_2_gnn_reasoning -   - Hidden dims: [256, 256]
2026-06-06 15:23:28 | INFO     | src.core.pipeline:stage_2_gnn_reasoning -   - Output dim: 128
2026-06-06 15:23:28 | ERROR    | src.core.pipeline:run_pipeline - Pipeline execution failed: running_mean should contain 2048 elements not 256
2026-06-06 15:23:28 | INFO     | __main__:main - 
================================================================================
2026-06-06 15:23:28 | INFO     | __main__:main - PIPELINE SUMMARY
2026-06-06 15:23:28 | INFO     | __main__:main - ================================================================================
2026-06-06 15:23:28 | INFO     | __main__:main - Status: failed
2026-06-06 15:23:28 | INFO     | __main__:main - Timestamp: 20260606_152324
2026-06-06 15:23:28 | ERROR    | __main__:main - Error: running_mean should contain 2048 elements not 256
2026-06-06 15:57:46 | INFO     | __main__:main - XRefactor - Explainable AI-driven Cross-file Code Refactoring Framework
2026-06-06 15:57:46 | INFO     | __main__:main - Data directory: ..\Data\1273091433\jeesite
2026-06-06 15:57:46 | INFO     | __main__:main - Configuration: .\configs\config.yaml
2026-06-06 15:57:46 | INFO     | __main__:main - Output directory: .\outputs\jeesite_run
2026-06-06 15:57:46 | INFO     | __main__:main - Device: cpu
2026-06-06 15:57:46 | INFO     | src.utils.helpers:__init__ - Configuration loaded from .\configs\config.yaml
2026-06-06 15:57:46 | INFO     | src.core.pipeline:__init__ - Initializing XRefactor Pipeline on cpu
2026-06-06 15:57:46 | INFO     | src.core.pipeline:run_pipeline - 
================================================================================
2026-06-06 15:57:46 | INFO     | src.core.pipeline:run_pipeline - STARTING XREFACTOR PIPELINE
2026-06-06 15:57:46 | INFO     | src.core.pipeline:run_pipeline - ================================================================================

2026-06-06 15:57:46 | INFO     | src.core.pipeline:stage_1_cpg_construction - ================================================================================
2026-06-06 15:57:46 | INFO     | src.core.pipeline:stage_1_cpg_construction - STAGE 1: CODE PROPERTY GRAPH CONSTRUCTION
2026-06-06 15:57:46 | INFO     | src.core.pipeline:stage_1_cpg_construction - ================================================================================
2026-06-06 15:57:46 | INFO     | src.cpg.cpg_builder:__init__ - Initialized CPG for language: java
2026-06-06 15:57:46 | INFO     | src.cpg.cpg_builder:build_from_directory - Building CPG from directory: ..\Data\1273091433\jeesite
2026-06-06 15:57:49 | INFO     | src.cpg.cpg_builder:_build_cross_file_dependencies - Building cross-file dependencies...
2026-06-06 15:57:49 | INFO     | src.cpg.cpg_builder:build_from_directory - CPG construction complete. Nodes: 3933, Edges: 9756
2026-06-06 15:57:49 | INFO     | src.core.pipeline:stage_1_cpg_construction - CPG Construction Complete:
2026-06-06 15:57:49 | INFO     | src.core.pipeline:stage_1_cpg_construction -   - Nodes: 3933
2026-06-06 15:57:49 | INFO     | src.core.pipeline:stage_1_cpg_construction -   - Edges: 9756
2026-06-06 15:57:49 | INFO     | src.core.pipeline:stage_1_cpg_construction -   - Files: 299
2026-06-06 15:57:49 | INFO     | src.core.pipeline:stage_1_cpg_construction -   - Node types: {'class': 292, 'method': 2597, 'field': 1044}
2026-06-06 15:57:49 | INFO     | src.core.pipeline:stage_2_gnn_reasoning - ================================================================================
2026-06-06 15:57:49 | INFO     | src.core.pipeline:stage_2_gnn_reasoning - STAGE 2: GRAPH NEURAL NETWORK REASONING
2026-06-06 15:57:49 | INFO     | src.core.pipeline:stage_2_gnn_reasoning - ================================================================================
2026-06-06 15:57:49 | INFO     | src.gnn.gnn_model:__init__ - Initializing GAT with dims: 1 -> [256, 256] -> 128
2026-06-06 15:57:50 | INFO     | src.core.pipeline:stage_2_gnn_reasoning - GNN Model created: GAT
2026-06-06 15:57:50 | INFO     | src.core.pipeline:stage_2_gnn_reasoning -   - Input dim: 1
2026-06-06 15:57:50 | INFO     | src.core.pipeline:stage_2_gnn_reasoning -   - Hidden dims: [256, 256]
2026-06-06 15:57:50 | INFO     | src.core.pipeline:stage_2_gnn_reasoning -   - Output dim: 128
2026-06-06 15:57:50 | INFO     | src.core.pipeline:stage_2_gnn_reasoning - GNN Inference Complete:
2026-06-06 15:57:50 | INFO     | src.core.pipeline:stage_2_gnn_reasoning -   - Node embeddings shape: torch.Size([3933, 128])
2026-06-06 15:57:50 | INFO     | src.core.pipeline:stage_2_gnn_reasoning -   - Graph embedding shape: torch.Size([1, 128])
2026-06-06 15:57:50 | INFO     | src.core.pipeline:stage_3_transformer_generation - ================================================================================
2026-06-06 15:57:50 | INFO     | src.core.pipeline:stage_3_transformer_generation - STAGE 3: TRANSFORMER-BASED CODE GENERATION
2026-06-06 15:57:50 | INFO     | src.core.pipeline:stage_3_transformer_generation - ================================================================================
2026-06-06 15:57:50 | INFO     | src.transformer.code_generator:__init__ - Loading pre-trained model: codebert
2026-06-06 15:57:52 | WARNING  | src.transformer.code_generator:__init__ - Could not load codebert: codebert is not a local folder and is not a valid model identifier listed on 'https://huggingface.co/models'
If this is a private repository, make sure to pass a token having permission to this repo either by logging in with `hf auth login` or by passing `token=<your_token>`. Using default implementation.
2026-06-06 15:57:52 | INFO     | src.transformer.code_generator:__init__ - CodeTransformer initialized successfully
2026-06-06 15:57:52 | INFO     | src.core.pipeline:stage_3_transformer_generation - Transformer Model created:
2026-06-06 15:57:52 | INFO     | src.core.pipeline:stage_3_transformer_generation -   - Pre-trained model: codebert
2026-06-06 15:57:52 | INFO     | src.core.pipeline:stage_3_transformer_generation -   - Hidden size: 768
2026-06-06 15:57:52 | INFO     | src.core.pipeline:stage_3_transformer_generation -   - Layers: 6
2026-06-06 15:57:52 | INFO     | src.core.pipeline:stage_4_xai_explanation - ================================================================================
2026-06-06 15:57:52 | INFO     | src.core.pipeline:stage_4_xai_explanation - STAGE 4: EXPLAINABLE AI MODULE
2026-06-06 15:57:52 | INFO     | src.core.pipeline:stage_4_xai_explanation - ================================================================================
2026-06-06 15:57:52 | INFO     | src.xai.explanation_module:__init__ - Initialized CausalInferenceModule
2026-06-06 15:57:52 | INFO     | src.core.pipeline:stage_4_xai_explanation - XAI Module created:
2026-06-06 15:57:52 | INFO     | src.core.pipeline:stage_4_xai_explanation -   - Feature dimension: 128
2026-06-06 15:57:52 | INFO     | src.core.pipeline:stage_4_xai_explanation -   - Explanation method: causal_inference
2026-06-06 15:57:52 | INFO     | src.core.pipeline:stage_4_xai_explanation -   - Number of suggestions: 3
2026-06-06 15:57:52 | INFO     | src.core.pipeline:_save_pipeline_results - Pipeline results saved to .\outputs\jeesite_run\pipeline_results_20260606_155746.json
2026-06-06 15:57:52 | INFO     | src.utils.helpers:save_metrics - Metrics saved to .\outputs\jeesite_run\metrics_20260606_155746.json
2026-06-06 15:57:52 | INFO     | src.core.pipeline:run_pipeline - 
================================================================================
2026-06-06 15:57:52 | INFO     | src.core.pipeline:run_pipeline - XREFACTOR PIPELINE COMPLETED SUCCESSFULLY
2026-06-06 15:57:52 | INFO     | src.core.pipeline:run_pipeline - ================================================================================
2026-06-06 15:57:52 | INFO     | __main__:main - 
================================================================================
2026-06-06 15:57:52 | INFO     | __main__:main - PIPELINE SUMMARY
2026-06-06 15:57:52 | INFO     | __main__:main - ================================================================================
2026-06-06 15:57:52 | INFO     | __main__:main - Status: success
2026-06-06 15:57:52 | INFO     | __main__:main - Timestamp: 20260606_155746
2026-06-06 15:57:52 | INFO     | __main__:main -   cpg: success
2026-06-06 15:57:52 | INFO     | __main__:main -   gnn: success
2026-06-06 15:57:52 | INFO     | __main__:main -   transformer: success
2026-06-06 15:57:52 | INFO     | __main__:main -   xai: success
